==145324== Memcheck, a memory error detector
==145324== Copyright (C) 2002-2022, and GNU GPL'd, by Julian Seward et al.
==145324== Using Valgrind-3.22.0 and LibVEX; rerun with -h for copyright info
==145324== Command: ./bin/cpu config/cpu.cfg 1
==145324== Parent PID: 145238
==145324== 
==145324== 
==145324== Process terminating with default action of signal 15 (SIGTERM)
==145324==    at 0x49ADCFD: recv (recv.c:28)
==145324==    by 0x10B10B: atender_peticiones_kernel_scheduler (cpu.c:55)
==145324==    by 0x10AF0D: main (main.c:63)
==145324== 
==145324== HEAP SUMMARY:
==145324==     in use at exit: 9,625 bytes in 19 blocks
==145324==   total heap usage: 28,394 allocs, 28,375 frees, 1,022,005 bytes allocated
==145324== 
==145324== LEAK SUMMARY:
==145324==    definitely lost: 0 bytes in 0 blocks
==145324==    indirectly lost: 0 bytes in 0 blocks
==145324==      possibly lost: 0 bytes in 0 blocks
==145324==    still reachable: 9,625 bytes in 19 blocks
==145324==         suppressed: 0 bytes in 0 blocks
==145324== Reachable blocks (those to which a pointer was found) are not shown.
==145324== To see them, rerun with: --leak-check=full --show-leak-kinds=all
==145324== 
==145324== For lists of detected and suppressed errors, rerun with: -s
==145324== ERROR SUMMARY: 0 errors from 0 contexts (suppressed: 0 from 0)
