==145309== Memcheck, a memory error detector
==145309== Copyright (C) 2002-2022, and GNU GPL'd, by Julian Seward et al.
==145309== Using Valgrind-3.22.0 and LibVEX; rerun with -h for copyright info
==145309== Command: ./bin/io config/io.cfg SLEEP
==145309== Parent PID: 145238
==145309== 
==145309== 
==145309== Process terminating with default action of signal 15 (SIGTERM)
==145309==    at 0x49ADCFD: recv (recv.c:28)
==145309==    by 0x109BED: main (main.c:162)
==145309== 
==145309== HEAP SUMMARY:
==145309==     in use at exit: 9,491 bytes in 16 blocks
==145309==   total heap usage: 479 allocs, 463 frees, 37,034 bytes allocated
==145309== 
==145309== LEAK SUMMARY:
==145309==    definitely lost: 0 bytes in 0 blocks
==145309==    indirectly lost: 0 bytes in 0 blocks
==145309==      possibly lost: 0 bytes in 0 blocks
==145309==    still reachable: 9,491 bytes in 16 blocks
==145309==         suppressed: 0 bytes in 0 blocks
==145309== Reachable blocks (those to which a pointer was found) are not shown.
==145309== To see them, rerun with: --leak-check=full --show-leak-kinds=all
==145309== 
==145309== For lists of detected and suppressed errors, rerun with: -s
==145309== ERROR SUMMARY: 0 errors from 0 contexts (suppressed: 0 from 0)
