==259115== Memcheck, a memory error detector
==259115== Copyright (C) 2002-2022, and GNU GPL'd, by Julian Seward et al.
==259115== Using Valgrind-3.22.0 and LibVEX; rerun with -h for copyright info
==259115== Command: ./bin/kernel_scheduler config/kernel_scheduler.cfg valgrind_smoke
==259115== Parent PID: 259113
==259115== 
==259115== 
==259115== Process terminating with default action of signal 2 (SIGINT)
==259115==    at 0x49AD86D: accept (accept.c:26)
==259115==    by 0x10FDC4: iniciar_servidor_kernel_scheduler (conexiones.c:36)
==259115==    by 0x10ACA5: main (main.c:82)
==259115== 
==259115== HEAP SUMMARY:
==259115==     in use at exit: 13,371 bytes in 73 blocks
==259115==   total heap usage: 1,159 allocs, 1,086 frees, 66,088 bytes allocated
==259115== 
==259115== 3 bytes in 1 blocks are still reachable in loss record 1 of 60
==259115==    at 0x4846828: malloc (in /usr/libexec/valgrind/vgpreload_memcheck-amd64-linux.so)
==259115==    by 0x493637E: strdup (strdup.c:42)
==259115==    by 0x10AD1E: mutex_kernel_create (mutex_kernel.c:7)
==259115==    by 0x10F0D5: planificador_crear_mutex (planificador.c:1376)
==259115==    by 0x1107E3: atender_peticiones_cpu (conexiones.c:261)
==259115==    by 0x10FFBF: manejar_cliente (conexiones.c:83)
==259115==    by 0x491EAA3: start_thread (pthread_create.c:447)
==259115==    by 0x49ABA63: clone (clone.S:100)
==259115== 
==259115== 4 bytes in 1 blocks are still reachable in loss record 2 of 60
==259115==    at 0x4846828: malloc (in /usr/libexec/valgrind/vgpreload_memcheck-amd64-linux.so)
==259115==    by 0x10FDAC: iniciar_servidor_kernel_scheduler (conexiones.c:35)
==259115==    by 0x10ACA5: main (main.c:82)
==259115== 
==259115== 5 bytes in 1 blocks are still reachable in loss record 3 of 60
==259115==    at 0x4846828: malloc (in /usr/libexec/valgrind/vgpreload_memcheck-amd64-linux.so)
==259115==    by 0x493637E: strdup (strdup.c:42)
==259115==    by 0x10F6CF: kernel_scheduler_config_create (kernel_scheduler_config.c:36)
==259115==    by 0x10AA6F: main (main.c:31)
==259115== 
==259115== 5 bytes in 1 blocks are still reachable in loss record 4 of 60
==259115==    at 0x4846828: malloc (in /usr/libexec/valgrind/vgpreload_memcheck-amd64-linux.so)
==259115==    by 0x493637E: strdup (strdup.c:42)
==259115==    by 0x10F6F7: kernel_scheduler_config_create (kernel_scheduler_config.c:37)
==259115==    by 0x10AA6F: main (main.c:31)
==259115== 
==259115== 5 bytes in 1 blocks are still reachable in loss record 5 of 60
==259115==    at 0x4846828: malloc (in /usr/libexec/valgrind/vgpreload_memcheck-amd64-linux.so)
==259115==    by 0x493637E: strdup (strdup.c:42)
==259115==    by 0x10F7CA: kernel_scheduler_config_create (kernel_scheduler_config.c:43)
==259115==    by 0x10AA6F: main (main.c:31)
==259115== 
==259115== 5 bytes in 1 blocks are still reachable in loss record 6 of 60
==259115==    at 0x4846828: malloc (in /usr/libexec/valgrind/vgpreload_memcheck-amd64-linux.so)
==259115==    by 0x493637E: strdup (strdup.c:42)
==259115==    by 0x10F81C: kernel_scheduler_config_create (kernel_scheduler_config.c:45)
==259115==    by 0x10AA6F: main (main.c:31)
==259115== 
==259115== 6 bytes in 1 blocks are still reachable in loss record 7 of 60
==259115==    at 0x4846828: malloc (in /usr/libexec/valgrind/vgpreload_memcheck-amd64-linux.so)
==259115==    by 0x493637E: strdup (strdup.c:42)
==259115==    by 0x10F75B: kernel_scheduler_config_create (kernel_scheduler_config.c:40)
==259115==    by 0x10AA6F: main (main.c:31)
==259115== 
==259115== 8 bytes in 1 blocks are still reachable in loss record 8 of 60
==259115==    at 0x4846828: malloc (in /usr/libexec/valgrind/vgpreload_memcheck-amd64-linux.so)
==259115==    by 0x493637E: strdup (strdup.c:42)
==259115==    by 0x10F7A1: kernel_scheduler_config_create (kernel_scheduler_config.c:42)
==259115==    by 0x10AA6F: main (main.c:31)
==259115== 
==259115== 8 bytes in 1 blocks are still reachable in loss record 9 of 60
==259115==    at 0x4846828: malloc (in /usr/libexec/valgrind/vgpreload_memcheck-amd64-linux.so)
==259115==    by 0x10B3FB: planificador_create (planificador.c:133)
==259115==    by 0x10AB8C: main (main.c:58)
==259115== 
==259115== 8 bytes in 1 blocks are still reachable in loss record 10 of 60
==259115==    at 0x4846828: malloc (in /usr/libexec/valgrind/vgpreload_memcheck-amd64-linux.so)
==259115==    by 0x10B42E: planificador_create (planificador.c:137)
==259115==    by 0x10AB8C: main (main.c:58)
==259115== 
==259115== 8 bytes in 1 blocks are still reachable in loss record 11 of 60
==259115==    at 0x4846828: malloc (in /usr/libexec/valgrind/vgpreload_memcheck-amd64-linux.so)
==259115==    by 0x487AF66: queue_create (in /usr/lib/libcommons.so)
==259115==    by 0x10B4B6: planificador_create (planificador.c:145)
==259115==    by 0x10AB8C: main (main.c:58)
==259115== 
==259115== 8 bytes in 1 blocks are still reachable in loss record 12 of 60
==259115==    at 0x4846828: malloc (in /usr/libexec/valgrind/vgpreload_memcheck-amd64-linux.so)
==259115==    by 0x487AF66: queue_create (in /usr/lib/libcommons.so)
==259115==    by 0x10B4CF: planificador_create (planificador.c:147)
==259115==    by 0x10AB8C: main (main.c:58)
==259115== 
==259115== 8 bytes in 1 blocks are still reachable in loss record 13 of 60
==259115==    at 0x4846828: malloc (in /usr/libexec/valgrind/vgpreload_memcheck-amd64-linux.so)
==259115==    by 0x487AF66: queue_create (in /usr/lib/libcommons.so)
==259115==    by 0x10B4DC: planificador_create (planificador.c:148)
==259115==    by 0x10AB8C: main (main.c:58)
==259115== 
==259115== 8 bytes in 1 blocks are still reachable in loss record 14 of 60
==259115==    at 0x4846828: malloc (in /usr/libexec/valgrind/vgpreload_memcheck-amd64-linux.so)
==259115==    by 0x487AF66: queue_create (in /usr/lib/libcommons.so)
==259115==    by 0x10B4E9: planificador_create (planificador.c:149)
==259115==    by 0x10AB8C: main (main.c:58)
==259115== 
==259115== 8 bytes in 1 blocks are still reachable in loss record 15 of 60
==259115==    at 0x4846828: malloc (in /usr/libexec/valgrind/vgpreload_memcheck-amd64-linux.so)
==259115==    by 0x487AF66: queue_create (in /usr/lib/libcommons.so)
==259115==    by 0x10AD40: mutex_kernel_create (mutex_kernel.c:10)
==259115==    by 0x10F0D5: planificador_crear_mutex (planificador.c:1376)
==259115==    by 0x1107E3: atender_peticiones_cpu (conexiones.c:261)
==259115==    by 0x10FFBF: manejar_cliente (conexiones.c:83)
==259115==    by 0x491EAA3: start_thread (pthread_create.c:447)
==259115==    by 0x49ABA63: clone (clone.S:100)
==259115== 
==259115== 8 bytes in 2 blocks are still reachable in loss record 16 of 60
==259115==    at 0x484DB80: realloc (in /usr/libexec/valgrind/vgpreload_memcheck-amd64-linux.so)
==259115==    by 0x4878C4D: string_trim_right (in /usr/lib/libcommons.so)
==259115==    by 0x4878B36: string_trim (in /usr/lib/libcommons.so)
==259115==    by 0x4878F51: string_get_string_as_array (in /usr/lib/libcommons.so)
==259115==    by 0x4878409: config_get_array_value (in /usr/lib/libcommons.so)
==259115==    by 0x10F718: kernel_scheduler_config_create (kernel_scheduler_config.c:38)
==259115==    by 0x10AA6F: main (main.c:31)
==259115== 
==259115== 10 bytes in 1 blocks are still reachable in loss record 17 of 60
==259115==    at 0x4846828: malloc (in /usr/libexec/valgrind/vgpreload_memcheck-amd64-linux.so)
==259115==    by 0x493637E: strdup (strdup.c:42)
==259115==    by 0x10F7F3: kernel_scheduler_config_create (kernel_scheduler_config.c:44)
==259115==    by 0x10AA6F: main (main.c:31)
==259115== 
==259115== 15 bytes in 1 blocks are still reachable in loss record 18 of 60
==259115==    at 0x4846828: malloc (in /usr/libexec/valgrind/vgpreload_memcheck-amd64-linux.so)
==259115==    by 0x493637E: strdup (strdup.c:42)
==259115==    by 0x4962788: tzset_internal (tzset.c:402)
==259115==    by 0x496318A: __tz_convert (tzset.c:577)
==259115==    by 0x48798C8: temporal_get_string_time (in /usr/lib/libcommons.so)
==259115==    by 0x487A21E: _log_write_in_level (in /usr/lib/libcommons.so)
==259115==    by 0x4879F54: log_info (in /usr/lib/libcommons.so)
==259115==    by 0x10A9D2: main (main.c:19)
==259115== 
==259115== 15 bytes in 1 blocks are still reachable in loss record 19 of 60
==259115==    at 0x4846828: malloc (in /usr/libexec/valgrind/vgpreload_memcheck-amd64-linux.so)
==259115==    by 0x493637E: strdup (strdup.c:42)
==259115==    by 0x10FB60: pcb_create (pcb.c:11)
==259115==    by 0x10AC72: main (main.c:78)
==259115== 
==259115== 16 bytes in 1 blocks are still reachable in loss record 20 of 60
==259115==    at 0x4846828: malloc (in /usr/libexec/valgrind/vgpreload_memcheck-amd64-linux.so)
==259115==    by 0x487B10B: list_create (in /usr/lib/libcommons.so)
==259115==    by 0x10B45D: planificador_create (planificador.c:139)
==259115==    by 0x10AB8C: main (main.c:58)
==259115== 
==259115== 16 bytes in 1 blocks are still reachable in loss record 21 of 60
==259115==    at 0x4846828: malloc (in /usr/libexec/valgrind/vgpreload_memcheck-amd64-linux.so)
==259115==    by 0x487B10B: list_create (in /usr/lib/libcommons.so)
==259115==    by 0x487AF6F: queue_create (in /usr/lib/libcommons.so)
==259115==    by 0x10B4B6: planificador_create (planificador.c:145)
==259115==    by 0x10AB8C: main (main.c:58)
==259115== 
==259115== 16 bytes in 1 blocks are still reachable in loss record 22 of 60
==259115==    at 0x4846828: malloc (in /usr/libexec/valgrind/vgpreload_memcheck-amd64-linux.so)
==259115==    by 0x487B10B: list_create (in /usr/lib/libcommons.so)
==259115==    by 0x10B4C2: planificador_create (planificador.c:146)
==259115==    by 0x10AB8C: main (main.c:58)
==259115== 
==259115== 16 bytes in 1 blocks are still reachable in loss record 23 of 60
==259115==    at 0x4846828: malloc (in /usr/libexec/valgrind/vgpreload_memcheck-amd64-linux.so)
==259115==    by 0x487B10B: list_create (in /usr/lib/libcommons.so)
==259115==    by 0x487AF6F: queue_create (in /usr/lib/libcommons.so)
==259115==    by 0x10B4CF: planificador_create (planificador.c:147)
==259115==    by 0x10AB8C: main (main.c:58)
==259115== 
==259115== 16 bytes in 1 blocks are still reachable in loss record 24 of 60
==259115==    at 0x4846828: malloc (in /usr/libexec/valgrind/vgpreload_memcheck-amd64-linux.so)
==259115==    by 0x487B10B: list_create (in /usr/lib/libcommons.so)
==259115==    by 0x487AF6F: queue_create (in /usr/lib/libcommons.so)
==259115==    by 0x10B4DC: planificador_create (planificador.c:148)
==259115==    by 0x10AB8C: main (main.c:58)
==259115== 
==259115== 16 bytes in 1 blocks are still reachable in loss record 25 of 60
==259115==    at 0x4846828: malloc (in /usr/libexec/valgrind/vgpreload_memcheck-amd64-linux.so)
==259115==    by 0x487B10B: list_create (in /usr/lib/libcommons.so)
==259115==    by 0x487AF6F: queue_create (in /usr/lib/libcommons.so)
==259115==    by 0x10B4E9: planificador_create (planificador.c:149)
==259115==    by 0x10AB8C: main (main.c:58)
==259115== 
==259115== 16 bytes in 1 blocks are still reachable in loss record 26 of 60
==259115==    at 0x4846828: malloc (in /usr/libexec/valgrind/vgpreload_memcheck-amd64-linux.so)
==259115==    by 0x487B10B: list_create (in /usr/lib/libcommons.so)
==259115==    by 0x10B4F6: planificador_create (planificador.c:150)
==259115==    by 0x10AB8C: main (main.c:58)
==259115== 
==259115== 16 bytes in 1 blocks are still reachable in loss record 27 of 60
==259115==    at 0x4846828: malloc (in /usr/libexec/valgrind/vgpreload_memcheck-amd64-linux.so)
==259115==    by 0x487B10B: list_create (in /usr/lib/libcommons.so)
==259115==    by 0x10B503: planificador_create (planificador.c:151)
==259115==    by 0x10AB8C: main (main.c:58)
==259115== 
==259115== 16 bytes in 1 blocks are still reachable in loss record 28 of 60
==259115==    at 0x4846828: malloc (in /usr/libexec/valgrind/vgpreload_memcheck-amd64-linux.so)
==259115==    by 0x487B10B: list_create (in /usr/lib/libcommons.so)
==259115==    by 0x10B510: planificador_create (planificador.c:152)
==259115==    by 0x10AB8C: main (main.c:58)
==259115== 
==259115== 16 bytes in 1 blocks are still reachable in loss record 29 of 60
==259115==    at 0x4846828: malloc (in /usr/libexec/valgrind/vgpreload_memcheck-amd64-linux.so)
==259115==    by 0x487B10B: list_create (in /usr/lib/libcommons.so)
==259115==    by 0x10B51D: planificador_create (planificador.c:153)
==259115==    by 0x10AB8C: main (main.c:58)
==259115== 
==259115== 16 bytes in 1 blocks are still reachable in loss record 30 of 60
==259115==    at 0x4846828: malloc (in /usr/libexec/valgrind/vgpreload_memcheck-amd64-linux.so)
==259115==    by 0x487B10B: list_create (in /usr/lib/libcommons.so)
==259115==    by 0x10B6EF: planificador_create (planificador.c:177)
==259115==    by 0x10AB8C: main (main.c:58)
==259115== 
==259115== 16 bytes in 1 blocks are still reachable in loss record 31 of 60
==259115==    at 0x4846828: malloc (in /usr/libexec/valgrind/vgpreload_memcheck-amd64-linux.so)
==259115==    by 0x487B10B: list_create (in /usr/lib/libcommons.so)
==259115==    by 0x10FBBF: pcb_create (pcb.c:19)
==259115==    by 0x10AC72: main (main.c:78)
==259115== 
==259115== 16 bytes in 1 blocks are still reachable in loss record 32 of 60
==259115==    at 0x4846828: malloc (in /usr/libexec/valgrind/vgpreload_memcheck-amd64-linux.so)
==259115==    by 0x487C35F: list_create_element (in /usr/lib/libcommons.so)
==259115==    by 0x487C2AD: list_iterator_add (in /usr/lib/libcommons.so)
==259115==    by 0x487B180: list_add (in /usr/lib/libcommons.so)
==259115==    by 0x10D5CC: planificador_registrar_cpu (planificador.c:825)
==259115==    by 0x10FFB0: manejar_cliente (conexiones.c:82)
==259115==    by 0x491EAA3: start_thread (pthread_create.c:447)
==259115==    by 0x49ABA63: clone (clone.S:100)
==259115== 
==259115== 16 bytes in 1 blocks are still reachable in loss record 33 of 60
==259115==    at 0x4846828: malloc (in /usr/libexec/valgrind/vgpreload_memcheck-amd64-linux.so)
==259115==    by 0x487B10B: list_create (in /usr/lib/libcommons.so)
==259115==    by 0x487AF6F: queue_create (in /usr/lib/libcommons.so)
==259115==    by 0x10AD40: mutex_kernel_create (mutex_kernel.c:10)
==259115==    by 0x10F0D5: planificador_crear_mutex (planificador.c:1376)
==259115==    by 0x1107E3: atender_peticiones_cpu (conexiones.c:261)
==259115==    by 0x10FFBF: manejar_cliente (conexiones.c:83)
==259115==    by 0x491EAA3: start_thread (pthread_create.c:447)
==259115==    by 0x49ABA63: clone (clone.S:100)
==259115== 
==259115== 16 bytes in 1 blocks are still reachable in loss record 34 of 60
==259115==    at 0x4846828: malloc (in /usr/libexec/valgrind/vgpreload_memcheck-amd64-linux.so)
==259115==    by 0x487C35F: list_create_element (in /usr/lib/libcommons.so)
==259115==    by 0x487C2AD: list_iterator_add (in /usr/lib/libcommons.so)
==259115==    by 0x487B180: list_add (in /usr/lib/libcommons.so)
==259115==    by 0x10F0EB: planificador_crear_mutex (planificador.c:1376)
==259115==    by 0x1107E3: atender_peticiones_cpu (conexiones.c:261)
==259115==    by 0x10FFBF: manejar_cliente (conexiones.c:83)
==259115==    by 0x491EAA3: start_thread (pthread_create.c:447)
==259115==    by 0x49ABA63: clone (clone.S:100)
==259115== 
==259115== 16 bytes in 1 blocks are still reachable in loss record 35 of 60
==259115==    at 0x4846828: malloc (in /usr/libexec/valgrind/vgpreload_memcheck-amd64-linux.so)
==259115==    by 0x487B10B: list_create (in /usr/lib/libcommons.so)
==259115==    by 0x10FBBF: pcb_create (pcb.c:19)
==259115==    by 0x110EF8: atender_peticiones_cpu (conexiones.c:391)
==259115==    by 0x10FFBF: manejar_cliente (conexiones.c:83)
==259115==    by 0x491EAA3: start_thread (pthread_create.c:447)
==259115==    by 0x49ABA63: clone (clone.S:100)
==259115== 
==259115== 17 bytes in 1 blocks are still reachable in loss record 36 of 60
==259115==    at 0x4846828: malloc (in /usr/libexec/valgrind/vgpreload_memcheck-amd64-linux.so)
==259115==    by 0x493637E: strdup (strdup.c:42)
==259115==    by 0x4878711: string_duplicate (in /usr/lib/libcommons.so)
==259115==    by 0x4879C9A: log_create (in /usr/lib/libcommons.so)
==259115==    by 0x10FB17: kernel_scheduler_logger_create (kernel_scheduler_logger.c:13)
==259115==    by 0x10AACA: main (main.c:40)
==259115== 
==259115== 19 bytes in 3 blocks are still reachable in loss record 37 of 60
==259115==    at 0x4846828: malloc (in /usr/libexec/valgrind/vgpreload_memcheck-amd64-linux.so)
==259115==    by 0x493637E: strdup (strdup.c:42)
==259115==    by 0x10E52C: planificador_registrar_io (planificador.c:1140)
==259115==    by 0x11010A: manejar_cliente (conexiones.c:114)
==259115==    by 0x491EAA3: start_thread (pthread_create.c:447)
==259115==    by 0x49ABA63: clone (clone.S:100)
==259115== 
==259115== 20 bytes in 1 blocks are still reachable in loss record 38 of 60
==259115==    at 0x4846828: malloc (in /usr/libexec/valgrind/vgpreload_memcheck-amd64-linux.so)
==259115==    by 0x4961DF8: __tzstring_len (tzset.c:98)
==259115==    by 0x4963EDB: __tzfile_read (tzfile.c:413)
==259115==    by 0x496279B: tzset_internal (tzset.c:405)
==259115==    by 0x496318A: __tz_convert (tzset.c:577)
==259115==    by 0x48798C8: temporal_get_string_time (in /usr/lib/libcommons.so)
==259115==    by 0x487A21E: _log_write_in_level (in /usr/lib/libcommons.so)
==259115==    by 0x4879F54: log_info (in /usr/lib/libcommons.so)
==259115==    by 0x10A9D2: main (main.c:19)
==259115== 
==259115== 21 bytes in 1 blocks are still reachable in loss record 39 of 60
==259115==    at 0x4846828: malloc (in /usr/libexec/valgrind/vgpreload_memcheck-amd64-linux.so)
==259115==    by 0x493637E: strdup (strdup.c:42)
==259115==    by 0x10FB60: pcb_create (pcb.c:11)
==259115==    by 0x110EF8: atender_peticiones_cpu (conexiones.c:391)
==259115==    by 0x10FFBF: manejar_cliente (conexiones.c:83)
==259115==    by 0x491EAA3: start_thread (pthread_create.c:447)
==259115==    by 0x49ABA63: clone (clone.S:100)
==259115== 
==259115== 24 bytes in 1 blocks are still reachable in loss record 40 of 60
==259115==    at 0x484DB80: realloc (in /usr/libexec/valgrind/vgpreload_memcheck-amd64-linux.so)
==259115==    by 0x48796C3: _string_array_push (in /usr/lib/libcommons.so)
==259115==    by 0x487966C: _string_split (in /usr/lib/libcommons.so)
==259115==    by 0x4878DED: string_split (in /usr/lib/libcommons.so)
==259115==    by 0x4878F28: string_get_string_as_array (in /usr/lib/libcommons.so)
==259115==    by 0x4878409: config_get_array_value (in /usr/lib/libcommons.so)
==259115==    by 0x10F718: kernel_scheduler_config_create (kernel_scheduler_config.c:38)
==259115==    by 0x10AA6F: main (main.c:31)
==259115== 
==259115== 24 bytes in 1 blocks are still reachable in loss record 41 of 60
==259115==    at 0x4846828: malloc (in /usr/libexec/valgrind/vgpreload_memcheck-amd64-linux.so)
==259115==    by 0x10AD0E: mutex_kernel_create (mutex_kernel.c:6)
==259115==    by 0x10F0D5: planificador_crear_mutex (planificador.c:1376)
==259115==    by 0x1107E3: atender_peticiones_cpu (conexiones.c:261)
==259115==    by 0x10FFBF: manejar_cliente (conexiones.c:83)
==259115==    by 0x491EAA3: start_thread (pthread_create.c:447)
==259115==    by 0x49ABA63: clone (clone.S:100)
==259115== 
==259115== 32 bytes in 1 blocks are still reachable in loss record 42 of 60
==259115==    at 0x4846828: malloc (in /usr/libexec/valgrind/vgpreload_memcheck-amd64-linux.so)
==259115==    by 0x4879B9F: log_create (in /usr/lib/libcommons.so)
==259115==    by 0x10FB17: kernel_scheduler_logger_create (kernel_scheduler_logger.c:13)
==259115==    by 0x10AACA: main (main.c:40)
==259115== 
==259115== 32 bytes in 2 blocks are still reachable in loss record 43 of 60
==259115==    at 0x4846828: malloc (in /usr/libexec/valgrind/vgpreload_memcheck-amd64-linux.so)
==259115==    by 0x487C35F: list_create_element (in /usr/lib/libcommons.so)
==259115==    by 0x487C2AD: list_iterator_add (in /usr/lib/libcommons.so)
==259115==    by 0x487B180: list_add (in /usr/lib/libcommons.so)
==259115==    by 0x10C486: planificador_transicionar_exec_a_exit (planificador.c:475)
==259115==    by 0x1101FA: finalizar_proceso (conexiones.c:140)
==259115==    by 0x1104D7: atender_peticiones_cpu (conexiones.c:208)
==259115==    by 0x10FFBF: manejar_cliente (conexiones.c:83)
==259115==    by 0x491EAA3: start_thread (pthread_create.c:447)
==259115==    by 0x49ABA63: clone (clone.S:100)
==259115== 
==259115== 36 bytes in 1 blocks are still reachable in loss record 44 of 60
==259115==    at 0x4846828: malloc (in /usr/libexec/valgrind/vgpreload_memcheck-amd64-linux.so)
==259115==    by 0x10D545: planificador_registrar_cpu (planificador.c:813)
==259115==    by 0x10FFB0: manejar_cliente (conexiones.c:82)
==259115==    by 0x491EAA3: start_thread (pthread_create.c:447)
==259115==    by 0x49ABA63: clone (clone.S:100)
==259115== 
==259115== 48 bytes in 3 blocks are still reachable in loss record 45 of 60
==259115==    at 0x4846828: malloc (in /usr/libexec/valgrind/vgpreload_memcheck-amd64-linux.so)
==259115==    by 0x487C35F: list_create_element (in /usr/lib/libcommons.so)
==259115==    by 0x487C2AD: list_iterator_add (in /usr/lib/libcommons.so)
==259115==    by 0x487B180: list_add (in /usr/lib/libcommons.so)
==259115==    by 0x10E570: planificador_registrar_io (planificador.c:1145)
==259115==    by 0x11010A: manejar_cliente (conexiones.c:114)
==259115==    by 0x491EAA3: start_thread (pthread_create.c:447)
==259115==    by 0x49ABA63: clone (clone.S:100)
==259115== 
==259115== 72 bytes in 3 blocks are still reachable in loss record 46 of 60
==259115==    at 0x4846828: malloc (in /usr/libexec/valgrind/vgpreload_memcheck-amd64-linux.so)
==259115==    by 0x10E509: planificador_registrar_io (planificador.c:1137)
==259115==    by 0x11010A: manejar_cliente (conexiones.c:114)
==259115==    by 0x491EAA3: start_thread (pthread_create.c:447)
==259115==    by 0x49ABA63: clone (clone.S:100)
==259115== 
==259115== 80 bytes in 1 blocks are still reachable in loss record 47 of 60
==259115==    at 0x4846828: malloc (in /usr/libexec/valgrind/vgpreload_memcheck-amd64-linux.so)
==259115==    by 0x10F6AD: kernel_scheduler_config_create (kernel_scheduler_config.c:34)
==259115==    by 0x10AA6F: main (main.c:31)
==259115== 
==259115== 80 bytes in 4 blocks are still reachable in loss record 48 of 60
==259115==    at 0x4846828: malloc (in /usr/libexec/valgrind/vgpreload_memcheck-amd64-linux.so)
==259115==    by 0x4961D94: __tzstring_len (tzset.c:98)
==259115==    by 0x4963EDB: __tzfile_read (tzfile.c:413)
==259115==    by 0x496279B: tzset_internal (tzset.c:405)
==259115==    by 0x496318A: __tz_convert (tzset.c:577)
==259115==    by 0x48798C8: temporal_get_string_time (in /usr/lib/libcommons.so)
==259115==    by 0x487A21E: _log_write_in_level (in /usr/lib/libcommons.so)
==259115==    by 0x4879F54: log_info (in /usr/lib/libcommons.so)
==259115==    by 0x10A9D2: main (main.c:19)
==259115== 
==259115== 160 bytes in 1 blocks are still reachable in loss record 49 of 60
==259115==    at 0x4846828: malloc (in /usr/libexec/valgrind/vgpreload_memcheck-amd64-linux.so)
==259115==    by 0x10FB36: pcb_create (pcb.c:6)
==259115==    by 0x10AC72: main (main.c:78)
==259115== 
==259115== 160 bytes in 1 blocks are still reachable in loss record 50 of 60
==259115==    at 0x4846828: malloc (in /usr/libexec/valgrind/vgpreload_memcheck-amd64-linux.so)
==259115==    by 0x10FB36: pcb_create (pcb.c:6)
==259115==    by 0x110EF8: atender_peticiones_cpu (conexiones.c:391)
==259115==    by 0x10FFBF: manejar_cliente (conexiones.c:83)
==259115==    by 0x491EAA3: start_thread (pthread_create.c:447)
==259115==    by 0x49ABA63: clone (clone.S:100)
==259115== 
==259115== 272 bytes in 1 blocks are possibly lost in loss record 51 of 60
==259115==    at 0x484D953: calloc (in /usr/libexec/valgrind/vgpreload_memcheck-amd64-linux.so)
==259115==    by 0x40145AB: calloc (rtld-malloc.h:44)
==259115==    by 0x40145AB: allocate_dtv (dl-tls.c:370)
==259115==    by 0x40145AB: _dl_allocate_tls (dl-tls.c:629)
==259115==    by 0x491F616: allocate_stack (allocatestack.c:429)
==259115==    by 0x491F616: pthread_create@@GLIBC_2.34 (pthread_create.c:655)
==259115==    by 0x11134D: conectar_canal_notificaciones_km (conexiones.c:506)
==259115==    by 0x10AC04: main (main.c:68)
==259115== 
==259115== 272 bytes in 1 blocks are possibly lost in loss record 52 of 60
==259115==    at 0x484D953: calloc (in /usr/libexec/valgrind/vgpreload_memcheck-amd64-linux.so)
==259115==    by 0x40145AB: calloc (rtld-malloc.h:44)
==259115==    by 0x40145AB: allocate_dtv (dl-tls.c:370)
==259115==    by 0x40145AB: _dl_allocate_tls (dl-tls.c:629)
==259115==    by 0x491F616: allocate_stack (allocatestack.c:429)
==259115==    by 0x491F616: pthread_create@@GLIBC_2.34 (pthread_create.c:655)
==259115==    by 0x10AC23: main (main.c:72)
==259115== 
==259115== 272 bytes in 1 blocks are possibly lost in loss record 53 of 60
==259115==    at 0x484D953: calloc (in /usr/libexec/valgrind/vgpreload_memcheck-amd64-linux.so)
==259115==    by 0x40145AB: calloc (rtld-malloc.h:44)
==259115==    by 0x40145AB: allocate_dtv (dl-tls.c:370)
==259115==    by 0x40145AB: _dl_allocate_tls (dl-tls.c:629)
==259115==    by 0x491F616: allocate_stack (allocatestack.c:429)
==259115==    by 0x491F616: pthread_create@@GLIBC_2.34 (pthread_create.c:655)
==259115==    by 0x10AC42: main (main.c:73)
==259115== 
==259115== 272 bytes in 1 blocks are possibly lost in loss record 54 of 60
==259115==    at 0x484D953: calloc (in /usr/libexec/valgrind/vgpreload_memcheck-amd64-linux.so)
==259115==    by 0x40145AB: calloc (rtld-malloc.h:44)
==259115==    by 0x40145AB: allocate_dtv (dl-tls.c:370)
==259115==    by 0x40145AB: _dl_allocate_tls (dl-tls.c:629)
==259115==    by 0x491F616: allocate_stack (allocatestack.c:429)
==259115==    by 0x491F616: pthread_create@@GLIBC_2.34 (pthread_create.c:655)
==259115==    by 0x10ECB5: planificador_ejecutar_io_async (planificador.c:1293)
==259115==    by 0x110701: atender_peticiones_cpu (conexiones.c:244)
==259115==    by 0x10FFBF: manejar_cliente (conexiones.c:83)
==259115==    by 0x491EAA3: start_thread (pthread_create.c:447)
==259115==    by 0x49ABA63: clone (clone.S:100)
==259115== 
==259115== 472 bytes in 1 blocks are still reachable in loss record 55 of 60
==259115==    at 0x4846828: malloc (in /usr/libexec/valgrind/vgpreload_memcheck-amd64-linux.so)
==259115==    by 0x4907E7E: __fopen_internal (iofopen.c:65)
==259115==    by 0x4907E7E: fopen@@GLIBC_2.2.5 (iofopen.c:86)
==259115==    by 0x487A36D: txt_open_for_append (in /usr/lib/libcommons.so)
==259115==    by 0x4879C2E: log_create (in /usr/lib/libcommons.so)
==259115==    by 0x10FB17: kernel_scheduler_logger_create (kernel_scheduler_logger.c:13)
==259115==    by 0x10AACA: main (main.c:40)
==259115== 
==259115== 633 bytes in 1 blocks are still reachable in loss record 56 of 60
==259115==    at 0x4846828: malloc (in /usr/libexec/valgrind/vgpreload_memcheck-amd64-linux.so)
==259115==    by 0x4963722: __tzfile_read (tzfile.c:280)
==259115==    by 0x496279B: tzset_internal (tzset.c:405)
==259115==    by 0x496318A: __tz_convert (tzset.c:577)
==259115==    by 0x48798C8: temporal_get_string_time (in /usr/lib/libcommons.so)
==259115==    by 0x487A21E: _log_write_in_level (in /usr/lib/libcommons.so)
==259115==    by 0x4879F54: log_info (in /usr/lib/libcommons.so)
==259115==    by 0x10A9D2: main (main.c:19)
==259115== 
==259115== 816 bytes in 3 blocks are possibly lost in loss record 57 of 60
==259115==    at 0x484D953: calloc (in /usr/libexec/valgrind/vgpreload_memcheck-amd64-linux.so)
==259115==    by 0x40145AB: calloc (rtld-malloc.h:44)
==259115==    by 0x40145AB: allocate_dtv (dl-tls.c:370)
==259115==    by 0x40145AB: _dl_allocate_tls (dl-tls.c:629)
==259115==    by 0x491F616: allocate_stack (allocatestack.c:429)
==259115==    by 0x491F616: pthread_create@@GLIBC_2.34 (pthread_create.c:655)
==259115==    by 0x10FE1D: iniciar_servidor_kernel_scheduler (conexiones.c:44)
==259115==    by 0x10ACA5: main (main.c:82)
==259115== 
==259115== 944 bytes in 1 blocks are still reachable in loss record 58 of 60
==259115==    at 0x4846828: malloc (in /usr/libexec/valgrind/vgpreload_memcheck-amd64-linux.so)
==259115==    by 0x10B2E0: planificador_create (planificador.c:114)
==259115==    by 0x10AB8C: main (main.c:58)
==259115== 
==259115== 4,096 bytes in 1 blocks are still reachable in loss record 59 of 60
==259115==    at 0x4846828: malloc (in /usr/libexec/valgrind/vgpreload_memcheck-amd64-linux.so)
==259115==    by 0x49071B4: _IO_file_doallocate (filedoalloc.c:101)
==259115==    by 0x4917523: _IO_doallocbuf (genops.c:347)
==259115==    by 0x4914F8F: _IO_file_overflow@@GLIBC_2.2.5 (fileops.c:745)
==259115==    by 0x4915AAE: _IO_new_file_xsputn (fileops.c:1244)
==259115==    by 0x4915AAE: _IO_file_xsputn@@GLIBC_2.2.5 (fileops.c:1197)
==259115==    by 0x48E2CC8: __printf_buffer_flush_to_file (printf_buffer_to_file.c:59)
==259115==    by 0x48E2CC8: __printf_buffer_to_file_done (printf_buffer_to_file.c:120)
==259115==    by 0x48ED742: __vfprintf_internal (vfprintf-internal.c:1545)
==259115==    by 0x48E21B2: printf (printf.c:33)
==259115==    by 0x487A3D0: txt_write_in_stdout (in /usr/lib/libcommons.so)
==259115==    by 0x487A2ED: _log_write_in_level (in /usr/lib/libcommons.so)
==259115==    by 0x4879F54: log_info (in /usr/lib/libcommons.so)
==259115==    by 0x10A9D2: main (main.c:19)
==259115== 
==259115== 4,096 bytes in 1 blocks are still reachable in loss record 60 of 60
==259115==    at 0x4846828: malloc (in /usr/libexec/valgrind/vgpreload_memcheck-amd64-linux.so)
==259115==    by 0x49071B4: _IO_file_doallocate (filedoalloc.c:101)
==259115==    by 0x4917523: _IO_doallocbuf (genops.c:347)
==259115==    by 0x4914F8F: _IO_file_overflow@@GLIBC_2.2.5 (fileops.c:745)
==259115==    by 0x4915AAE: _IO_new_file_xsputn (fileops.c:1244)
==259115==    by 0x4915AAE: _IO_file_xsputn@@GLIBC_2.2.5 (fileops.c:1197)
==259115==    by 0x49082FB: fputs (iofputs.c:38)
==259115==    by 0x487A396: txt_write_in_file (in /usr/lib/libcommons.so)
==259115==    by 0x487A29F: _log_write_in_level (in /usr/lib/libcommons.so)
==259115==    by 0x4879F54: log_info (in /usr/lib/libcommons.so)
==259115==    by 0x10AB54: main (main.c:51)
==259115== 
==259115== LEAK SUMMARY:
==259115==    definitely lost: 0 bytes in 0 blocks
==259115==    indirectly lost: 0 bytes in 0 blocks
==259115==      possibly lost: 1,904 bytes in 7 blocks
==259115==    still reachable: 11,467 bytes in 66 blocks
==259115==         suppressed: 0 bytes in 0 blocks
==259115== 
==259115== For lists of detected and suppressed errors, rerun with: -s
==259115== ERROR SUMMARY: 5 errors from 5 contexts (suppressed: 0 from 0)
