==145253== Memcheck, a memory error detector
==145253== Copyright (C) 2002-2022, and GNU GPL'd, by Julian Seward et al.
==145253== Using Valgrind-3.22.0 and LibVEX; rerun with -h for copyright info
==145253== Command: ./bin/kernel_memory config/km_base.cfg
==145253== Parent PID: 145238
==145253== 
==145253== 
==145253== Process terminating with default action of signal 15 (SIGTERM)
==145253==    at 0x49AD96D: accept (accept.c:26)
==145253==    by 0x10ED3F: iniciar_servidor_kernel_memory (conexiones.c:40)
==145253==    by 0x10AF41: main (main.c:60)
==145253== 
==145253== HEAP SUMMARY:
==145253==     in use at exit: 11,047 bytes in 33 blocks
==145253==   total heap usage: 7,120 allocs, 7,087 frees, 1,977,432 bytes allocated
==145253== 
==145253== LEAK SUMMARY:
==145253==    definitely lost: 0 bytes in 0 blocks
==145253==    indirectly lost: 0 bytes in 0 blocks
==145253==      possibly lost: 816 bytes in 3 blocks
==145253==    still reachable: 10,231 bytes in 30 blocks
==145253==         suppressed: 0 bytes in 0 blocks
==145253== Reachable blocks (those to which a pointer was found) are not shown.
==145253== To see them, rerun with: --leak-check=full --show-leak-kinds=all
==145253== 
==145253== For lists of detected and suppressed errors, rerun with: -s
==145253== ERROR SUMMARY: 1 errors from 1 contexts (suppressed: 0 from 0)
