==145264== Memcheck, a memory error detector
==145264== Copyright (C) 2002-2022, and GNU GPL'd, by Julian Seward et al.
==145264== Using Valgrind-3.22.0 and LibVEX; rerun with -h for copyright info
==145264== Command: ./bin/memory_stick config/stick_p1.cfg 256
==145264== Parent PID: 145238
==145264== 
==145264== 
==145264== Process terminating with default action of signal 15 (SIGTERM)
==145264==    at 0x49AD96D: accept (accept.c:26)
==145264==    by 0x10A0AD: atender_conexiones_memory_stick (conexiones.c:38)
==145264==    by 0x109927: main (main.c:85)
==145264== 
==145264== HEAP SUMMARY:
==145264==     in use at exit: 10,402 bytes in 23 blocks
==145264==   total heap usage: 337 allocs, 314 frees, 34,222 bytes allocated
==145264== 
==145264== LEAK SUMMARY:
==145264==    definitely lost: 0 bytes in 0 blocks
==145264==    indirectly lost: 0 bytes in 0 blocks
==145264==      possibly lost: 544 bytes in 2 blocks
==145264==    still reachable: 9,858 bytes in 21 blocks
==145264==         suppressed: 0 bytes in 0 blocks
==145264== Reachable blocks (those to which a pointer was found) are not shown.
==145264== To see them, rerun with: --leak-check=full --show-leak-kinds=all
==145264== 
==145264== For lists of detected and suppressed errors, rerun with: -s
==145264== ERROR SUMMARY: 1 errors from 1 contexts (suppressed: 0 from 0)
