==145273== Memcheck, a memory error detector
==145273== Copyright (C) 2002-2022, and GNU GPL'd, by Julian Seward et al.
==145273== Using Valgrind-3.22.0 and LibVEX; rerun with -h for copyright info
==145273== Command: ./bin/swap config/swap.cfg
==145273== Parent PID: 145238
==145273== 
==145273== 
==145273== Process terminating with default action of signal 15 (SIGTERM)
==145273==    at 0x49ADCFD: recv (recv.c:28)
==145273==    by 0x109D02: conectar_y_atender_kernel_memory (conexiones.c:36)
==145273==    by 0x10976D: main (main.c:59)
==145273== 
==145273== HEAP SUMMARY:
==145273==     in use at exit: 14,088 bytes in 19 blocks
==145273==   total heap usage: 299 allocs, 280 frees, 36,239 bytes allocated
==145273== 
==145273== LEAK SUMMARY:
==145273==    definitely lost: 0 bytes in 0 blocks
==145273==    indirectly lost: 0 bytes in 0 blocks
==145273==      possibly lost: 0 bytes in 0 blocks
==145273==    still reachable: 14,088 bytes in 19 blocks
==145273==         suppressed: 0 bytes in 0 blocks
==145273== Reachable blocks (those to which a pointer was found) are not shown.
==145273== To see them, rerun with: --leak-check=full --show-leak-kinds=all
==145273== 
==145273== For lists of detected and suppressed errors, rerun with: -s
==145273== ERROR SUMMARY: 0 errors from 0 contexts (suppressed: 0 from 0)
